File "cases/ast.mli", line 2, characters 1-14:
unknown tag '@TxtAttribute'
File "cases/ast.mli", line 5, characters 1-18:
unknown tag '@ValueDeclaration'
File "cases/ast.mli", line 7, characters 1-18:
unknown tag '@ValueDeclaration'
File "cases/ast.mli", line 9, characters 1-18:
unknown tag '@ValueDeclaration'
File "cases/ast.mli", line 12, characters 1-17:
unknown tag '@TypeDeclaration'
File "cases/ast.mli", line 15, characters 13-36:
unknown tag '@ConstructorDeclaration'
File "cases/ast.mli", line 16, characters 13-36:
unknown tag '@ConstructorDeclaration'
File "cases/ast.mli", line 14, characters 1-17:
unknown tag '@TypeDeclaration'
File "cases/ast.mli", line 19, characters 6-10:
unknown tag '@Tag'
File "cases/ast.mli", line 20, characters 6-10:
unknown tag '@Tag'
File "cases/ast.mli", line 25, characters 12-29:
unknown tag '@LabelDeclaration'
File "cases/ast.mli", line 26, characters 13-30:
unknown tag '@LabelDeclaration'
File "cases/ast.mli", line 23, characters 1-17:
unknown tag '@TypeDeclaration'
File "cases/ast.mli", line 30, characters 1-17:
unknown tag '@TypeDeclaration'
File "cases/ast.mli", line 33, characters 14-24:
unknown tag '@Extension'
File "cases/ast.mli", line 34, characters 14-24:
unknown tag '@Extension'
File "cases/ast.mli", line 32, characters 1-15:
unknown tag '@TypeExtension'
File "cases/ast.mli", line 38, characters 3-16:
unknown tag '@TxtAttribute'
File "cases/ast.mli", line 41, characters 3-19:
unknown tag '@TypeDeclaration'
File "cases/ast.mli", line 36, characters 1-23:
unknown tag '@ModuleTypeDeclaration'
File "cases/ast.mli", line 46, characters 3-16:
unknown tag '@TxtAttribute'
File "cases/ast.mli", line 50, characters 5-18:
unknown tag '@TxtAttribute'
File "cases/ast.mli", line 53, characters 5-21:
unknown tag '@TypeDeclaration'
File "cases/ast.mli", line 48, characters 3-21:
unknown tag '@ModuleDeclaration'
File "cases/ast.mli", line 44, characters 1-19:
unknown tag '@ModuleDeclaration'
File "cases/ast.mli", line 58, characters 1-11:
unknown tag '@Exception'
File "cases/ast.mli", line 61, characters 1-8:
unknown tag '@Hidden'
File "cases/ast.mli", line 64, characters 1-9:
unknown tag '@Functor'
File "cases/ast.mli", line 69, characters 3-16:
unknown tag '@TxtAttribute'
File "cases/ast.mli", line 72, characters 3-19:
unknown tag '@TypeDeclaration'
File "cases/ast.mli", line 67, characters 1-20:
unknown tag '@IncludeDescription'
File "cases/ast.mli", line 78, characters 3-10:
unknown tag '@Method'
File "cases/ast.mli", line 75, characters 1-7:
unknown tag '@Class'
